// Jest Snapshot v1, https://goo.gl/fbAQLP

exports[`renders hello world 1`] = `
<div
  className="App"
  data-test="app"
>
  hello,world
</div>
`;
